<tr class="import_summary_row" title="">
  <td>
    <p title="abcd">abcd</p>
  </td>
  <td>
    <p></p>
  </td>
  <td>
    <div class="form-group shiny-input-container">
      <label class="control-label shiny-label-null" for="abcd_protein"></label>
      <div>
        <select id="abcd_protein"></select>
        <script type="application/json" data-for="abcd_protein" data-nonempty="">{}</script>
      </div>
    </div>
  </td>
  <td>
    <div class="form-group shiny-input-container">
      <label class="control-label shiny-label-null" for="abcd_state"></label>
      <div>
        <select id="abcd_state"></select>
        <script type="application/json" data-for="abcd_state" data-nonempty="">{}</script>
      </div>
    </div>
  </td>
  <td>
    <div class="form-group shiny-input-container">
      <div class="checkbox">
        <label>
          <input id="abcd_display" type="checkbox"/>
          <span></span>
        </label>
      </div>
    </div>
  </td>
  <td>
    <button id="abcd_remove" type="button" class="btn btn-default action-button" title="Removes uploaded file.">Remove</button>
  </td>
</tr>
